[vae] collecting corpus ...
[vae] training ...
/home/server08/anhnt358/huit/research/ongoing/508-PROTEUS-Privileged-Context-Distillation-Fault-Adaptive-VAE-TD3-Navigation-Actuation-Degradation/code/proteus/pretrain_vae.py:173: UserWarning: Converting a tensor with requires_grad=True to a scalar may lead to unexpected behavior.
Consider using tensor.detach() first. (Triggered internally at /pytorch/torch/csrc/autograd/generated/python_variable_methods.cpp:838.)
  tr_loss += float(out["loss"])
[vae] epoch   0 train    9.3919 val    7.5351 (rec   7.3746 kl  16.05)
[vae] epoch   1 train    7.1665 val    5.7125 (rec   5.4895 kl  22.30)
[vae] epoch   2 train    5.2253 val    4.2987 (rec   3.9918 kl  30.69)
[vae] epoch   3 train    3.9927 val    3.1852 (rec   2.8314 kl  35.39)
[vae] epoch   4 train    3.0804 val    2.6079 (rec   2.2546 kl  35.33)
[vae] epoch   5 train    2.6289 val    2.3334 (rec   1.9953 kl  33.81)
[vae] epoch   6 train    2.3353 val    1.9899 (rec   1.6541 kl  33.58)
[vae] epoch   7 train    2.0691 val    1.7667 (rec   1.4461 kl  32.06)
[vae] epoch   8 train    1.9001 val    1.6372 (rec   1.3155 kl  32.16)
[vae] epoch   9 train    1.7823 val    1.5227 (rec   1.2137 kl  30.90)
[vae] epoch  10 train    1.6764 val    1.5112 (rec   1.2001 kl  31.11)
[vae] epoch  11 train    1.5995 val    1.3645 (rec   1.0627 kl  30.18)
[vae] epoch  12 train    1.5101 val    1.3217 (rec   1.0192 kl  30.25)
[vae] epoch  13 train    1.4621 val    1.2696 (rec   0.9722 kl  29.74)
[vae] epoch  14 train    1.3992 val    1.2538 (rec   0.9602 kl  29.37)
[vae] epoch  15 train    1.3554 val    1.1783 (rec   0.8897 kl  28.84)
[vae] epoch  16 train    1.3102 val    1.1507 (rec   0.8713 kl  27.91)
[vae] epoch  17 train    1.2640 val    1.1065 (rec   0.8279 kl  27.85)
[vae] epoch  18 train    1.2329 val    1.0699 (rec   0.7955 kl  27.43)
[vae] epoch  19 train    1.1871 val    1.0450 (rec   0.7698 kl  27.48)
[vae] epoch  20 train    1.1697 val    1.0615 (rec   0.7893 kl  27.17)
[vae] epoch  21 train    1.1431 val    1.0203 (rec   0.7473 kl  27.25)
[vae] epoch  22 train    1.1234 val    0.9917 (rec   0.7248 kl  26.60)
[vae] epoch  23 train    1.1069 val    0.9969 (rec   0.7276 kl  26.90)
[vae] epoch  24 train    1.0925 val    0.9668 (rec   0.6960 kl  27.05)
